overall_ROMI
----------------------
94377136

(1 row affected)

category                                           overall_ROMI_campaign
-------------------------------------------------- ----------------------
influencer                                         123867591
media                                              8903317
search                                             -3013333
social                                             -35380439

(4 rows affected)

c_date     mark_spent
---------- ----------------------
2021-02-19 8803570

(1 row affected)

c_date     revenue
---------- ----------------------
2021-02-19 28125200

(1 row affected)

c_date     revenue
---------- ----------------------
2021-02-01 0

(1 row affected)

category                                           average_per_category
-------------------------------------------------- --------------------
influencer                                         53
media                                              55
search                                             14
social                                             15

(4 rows affected)

day_type                                                                                                                                                                                                                                                        sum_Orders
--------------------------------------------------------------------------------------------------------------------------------------------------------------------------------------------------------------------------------------------------------------- -----------
Weekday                                            5763                                                                                                                                                                                                           5763
Weekend                                            2280                                                                                                                                                                                                             2280

(2 rows affected)

geo_locations                                      total_ROMI                                                                                                                                                                                                            total_ROMI
--------------------------------------------------------------------------------------------------------------------------------------------------------------------------------------------------------------------------------------------------------------- ---------------------------------------
blogger                                            7963.05                                                                                                                                                                         7963.05
hot                                                660.60                                                                                                                                                                                                            660.60
tier1                                              442.61                                                                                                                                                                                                            442.61
partner                                            179.58                                                                                                                                                                                                            179.58
retargeting                                        -518.37                                                                                                                                                                                                            -518.37
wide                                               -966.75                                                                                                                                                                                                            -966.75
tier2                                              -2430.85                                                                                                                                                                                                            -2430.85
lal                                                -2513.06                                                                                                                                                                                                              -2513.06

(8 rows affected)


Completion time: 2026-08-25T00:52:19.0563398+02:00
